=================================================================
Initializing EUV Phase Retrieval End-to-End Training (Pure FP32) on: cuda
Device Name: Tesla T4
VRAM Available: 15.64 GB
Total Epochs: 100 | Batch Size: 32 | Samples/Epoch: 2048
Optics: N=256, L=0.01, pupil_radius=0.0024 (footprint 123 px, Q=2.08), noise_rel=1.21e-06
Phase diversity: K=3 planes at defocus (-1.0, 0.0, 1.0) rad RMS
Noise augmentation: log-uniform x1..x30
Intensity Crop: 128x128 (Preserving outer diffraction rings)
Precision: Pure FP32 (Full IEEE-754 precision, no AMP/FP16)
Architecture Mode: hybrid | Coeff Loss: sum over modes x 1.0
Initial Learning Rate: 3.00e-04 | Scheduler: cosine (min LR 1.0e-06) | Seed: 3
Validation: 512 fixed samples (seed 12345) | per-mode R2 every 10 epochs
Checkpoints: saved_models/ens/m3/best.pth (lowest val loss), saved_models/ens/m3/final.pth
=================================================================
Generating fixed validation set...
Verified all model parameters are trainable: 8,338,074 / 8,338,074 (requires_grad = True).
Modal head parameters: 166,675 (trainable: True)
==> Epoch 001/100 | Train: 2.7788 (phase 1.3082, coeff 1.4622, bg 0.0839) | Val: 5.6611 (phase 3.7612, coeff 1.8852) | LR: 3.00e-04
==> Epoch 002/100 | Train: 2.1402 (phase 0.9296, coeff 1.1993, bg 0.1132) | Val: 2.6350 (phase 1.3266, coeff 1.2809) | LR: 3.00e-04
==> Epoch 003/100 | Train: 1.7516 (phase 0.6502, coeff 1.0888, bg 0.1263) | Val: 4.3929 (phase 2.3544, coeff 2.0184) | LR: 3.00e-04
==> Epoch 004/100 | Train: 1.5406 (phase 0.4836, coeff 1.0475, bg 0.0946) | Val: 1.8113 (phase 0.6712, coeff 1.1285) | LR: 2.99e-04
==> Epoch 005/100 | Train: 1.4210 (phase 0.4011, coeff 1.0117, bg 0.0822) | Val: 2.6789 (phase 1.0393, coeff 1.6270) | LR: 2.99e-04
==> Epoch 006/100 | Train: 1.2456 (phase 0.3646, coeff 0.8750, bg 0.0611) | Val: 1.8014 (phase 0.6168, coeff 1.1817) | LR: 2.98e-04
==> Epoch 007/100 | Train: 0.9527 (phase 0.3419, coeff 0.6073, bg 0.0358) | Val: 1.1919 (phase 0.5082, coeff 0.6824) | LR: 2.97e-04
==> Epoch 008/100 | Train: 0.7772 (phase 0.3315, coeff 0.4439, bg 0.0182) | Val: 2.7943 (phase 1.4768, coeff 1.3146) | LR: 2.96e-04
==> Epoch 009/100 | Train: 0.7008 (phase 0.3002, coeff 0.3985, bg 0.0206) | Val: 1.3226 (phase 0.5149, coeff 0.8041) | LR: 2.95e-04
==> Epoch 010/100 | Train: 0.6694 (phase 0.2883, coeff 0.3792, bg 0.0189) | Val: 1.4327 (phase 0.5832, coeff 0.8477) | LR: 2.94e-04
    Val R2 (projected): odd 0.569 | even 0.494 | worst Noll 12 = 0.056 | head mean 0.219
    per mode: 4:0.30 5:0.69 6:0.87 7:0.94 8:0.93 9:0.29 10:0.23 11:0.88 12:0.06 13:0.10 14:0.46 15:0.54 16:0.36 17:0.41 18:0.43 19:0.47 20:0.82 21:0.81 22:0.56
==> Epoch 011/100 | Train: 0.6248 (phase 0.2674, coeff 0.3556, bg 0.0185) | Val: 0.6444 (phase 0.2900, coeff 0.3508) | LR: 2.93e-04
==> Epoch 012/100 | Train: 0.5834 (phase 0.2448, coeff 0.3367, bg 0.0200) | Val: 0.8108 (phase 0.3430, coeff 0.4666) | LR: 2.91e-04
==> Epoch 013/100 | Train: 0.5649 (phase 0.2363, coeff 0.3265, bg 0.0203) | Val: 0.6791 (phase 0.2787, coeff 0.3983) | LR: 2.90e-04
==> Epoch 014/100 | Train: 0.5563 (phase 0.2316, coeff 0.3227, bg 0.0202) | Val: 1.1219 (phase 0.4875, coeff 0.6315) | LR: 2.88e-04
==> Epoch 015/100 | Train: 0.5262 (phase 0.2157, coeff 0.3084, bg 0.0209) | Val: 0.7171 (phase 0.3604, coeff 0.3538) | LR: 2.86e-04
==> Epoch 016/100 | Train: 0.5100 (phase 0.2068, coeff 0.3014, bg 0.0177) | Val: 0.8410 (phase 0.3585, coeff 0.4812) | LR: 2.84e-04
==> Epoch 017/100 | Train: 0.4979 (phase 0.1979, coeff 0.2981, bg 0.0194) | Val: 0.9177 (phase 0.4392, coeff 0.4759) | LR: 2.82e-04
==> Epoch 018/100 | Train: 0.4792 (phase 0.1870, coeff 0.2902, bg 0.0203) | Val: 0.6825 (phase 0.2947, coeff 0.3855) | LR: 2.79e-04
==> Epoch 019/100 | Train: 0.4698 (phase 0.1832, coeff 0.2847, bg 0.0193) | Val: 0.5223 (phase 0.2153, coeff 0.3046) | LR: 2.77e-04
==> Epoch 020/100 | Train: 0.4585 (phase 0.1770, coeff 0.2797, bg 0.0182) | Val: 0.6360 (phase 0.2245, coeff 0.4101) | LR: 2.74e-04
    Val R2 (projected): odd 0.749 | even 0.704 | worst Noll 13 = 0.404 | head mean 0.288
    per mode: 4:0.94 5:0.87 6:0.89 7:0.91 8:0.95 9:0.57 10:0.53 11:0.85 12:0.41 13:0.40 14:0.67 15:0.73 16:0.54 17:0.65 18:0.74 19:0.79 20:0.89 21:0.92 22:0.56
==> Epoch 021/100 | Train: 0.4578 (phase 0.1756, coeff 0.2804, bg 0.0184) | Val: 0.6494 (phase 0.3032, coeff 0.3440) | LR: 2.71e-04
==> Epoch 022/100 | Train: 0.4320 (phase 0.1593, coeff 0.2709, bg 0.0181) | Val: 0.4133 (phase 0.1630, coeff 0.2484) | LR: 2.69e-04
==> Epoch 023/100 | Train: 0.4287 (phase 0.1601, coeff 0.2667, bg 0.0181) | Val: 1.4997 (phase 0.7050, coeff 0.7920) | LR: 2.66e-04
==> Epoch 024/100 | Train: 0.4184 (phase 0.1530, coeff 0.2636, bg 0.0182) | Val: 1.0563 (phase 0.4632, coeff 0.5918) | LR: 2.63e-04
==> Epoch 025/100 | Train: 0.4212 (phase 0.1541, coeff 0.2652, bg 0.0186) | Val: 0.3545 (phase 0.1179, coeff 0.2349) | LR: 2.59e-04
==> Epoch 026/100 | Train: 0.3965 (phase 0.1399, coeff 0.2547, bg 0.0179) | Val: 0.4356 (phase 0.1641, coeff 0.2698) | LR: 2.56e-04
==> Epoch 027/100 | Train: 0.4037 (phase 0.1433, coeff 0.2588, bg 0.0160) | Val: 0.3586 (phase 0.1216, coeff 0.2355) | LR: 2.53e-04
==> Epoch 028/100 | Train: 0.3795 (phase 0.1285, coeff 0.2492, bg 0.0176) | Val: 0.5918 (phase 0.2371, coeff 0.3530) | LR: 2.49e-04
==> Epoch 029/100 | Train: 0.3935 (phase 0.1391, coeff 0.2527, bg 0.0170) | Val: 0.6691 (phase 0.2616, coeff 0.4065) | LR: 2.46e-04
==> Epoch 030/100 | Train: 0.3832 (phase 0.1319, coeff 0.2498, bg 0.0153) | Val: 0.4176 (phase 0.1357, coeff 0.2810) | LR: 2.42e-04
    Val R2 (projected): odd 0.834 | even 0.827 | worst Noll 13 = 0.628 | head mean 0.322
    per mode: 4:0.94 5:0.93 6:0.93 7:0.97 8:0.96 9:0.68 10:0.69 11:0.94 12:0.65 13:0.63 14:0.86 15:0.85 16:0.76 17:0.79 18:0.83 19:0.84 20:0.92 21:0.92 22:0.72
==> Epoch 031/100 | Train: 0.3762 (phase 0.1265, coeff 0.2482, bg 0.0148) | Val: 0.5998 (phase 0.2333, coeff 0.3649) | LR: 2.38e-04
==> Epoch 032/100 | Train: 0.3565 (phase 0.1171, coeff 0.2380, bg 0.0144) | Val: 0.3046 (phase 0.0943, coeff 0.2089) | LR: 2.35e-04
==> Epoch 033/100 | Train: 0.3500 (phase 0.1131, coeff 0.2355, bg 0.0147) | Val: 0.4467 (phase 0.1695, coeff 0.2753) | LR: 2.31e-04
==> Epoch 034/100 | Train: 0.3530 (phase 0.1133, coeff 0.2382, bg 0.0154) | Val: 0.5032 (phase 0.1903, coeff 0.3112) | LR: 2.27e-04
==> Epoch 035/100 | Train: 0.3430 (phase 0.1092, coeff 0.2322, bg 0.0155) | Val: 0.3588 (phase 0.1327, coeff 0.2247) | LR: 2.23e-04
==> Epoch 036/100 | Train: 0.3326 (phase 0.1006, coeff 0.2307, bg 0.0140) | Val: 0.3550 (phase 0.1192, coeff 0.2346) | LR: 2.18e-04
==> Epoch 037/100 | Train: 0.3380 (phase 0.1058, coeff 0.2308, bg 0.0139) | Val: 0.3628 (phase 0.1265, coeff 0.2353) | LR: 2.14e-04
==> Epoch 038/100 | Train: 0.3277 (phase 0.0986, coeff 0.2277, bg 0.0137) | Val: 0.3083 (phase 0.1049, coeff 0.2025) | LR: 2.10e-04
==> Epoch 039/100 | Train: 0.3174 (phase 0.0948, coeff 0.2212, bg 0.0137) | Val: 0.2883 (phase 0.0794, coeff 0.2078) | LR: 2.06e-04
==> Epoch 040/100 | Train: 0.3184 (phase 0.0937, coeff 0.2234, bg 0.0132) | Val: 0.3342 (phase 0.1120, coeff 0.2209) | LR: 2.01e-04
    Val R2 (projected): odd 0.899 | even 0.899 | worst Noll 13 = 0.804 | head mean 0.348
    per mode: 4:0.92 5:0.97 6:0.92 7:0.97 8:0.98 9:0.83 10:0.83 11:0.93 12:0.83 13:0.80 14:0.90 15:0.89 16:0.86 17:0.90 18:0.87 19:0.90 20:0.92 21:0.94 22:0.91
==> Epoch 041/100 | Train: 0.3195 (phase 0.0949, coeff 0.2233, bg 0.0129) | Val: 0.3317 (phase 0.0889, coeff 0.2415) | LR: 1.97e-04
==> Epoch 042/100 | Train: 0.3043 (phase 0.0850, coeff 0.2180, bg 0.0130) | Val: 0.2985 (phase 0.0910, coeff 0.2061) | LR: 1.92e-04
==> Epoch 043/100 | Train: 0.3077 (phase 0.0874, coeff 0.2190, bg 0.0127) | Val: 0.2790 (phase 0.0710, coeff 0.2069) | LR: 1.88e-04
==> Epoch 044/100 | Train: 0.2985 (phase 0.0829, coeff 0.2143, bg 0.0124) | Val: 0.2660 (phase 0.0717, coeff 0.1933) | LR: 1.83e-04
==> Epoch 045/100 | Train: 0.2952 (phase 0.0778, coeff 0.2161, bg 0.0127) | Val: 0.2608 (phase 0.0636, coeff 0.1962) | LR: 1.79e-04
==> Epoch 046/100 | Train: 0.2938 (phase 0.0782, coeff 0.2144, bg 0.0118) | Val: 0.2360 (phase 0.0538, coeff 0.1810) | LR: 1.74e-04
==> Epoch 047/100 | Train: 0.2870 (phase 0.0755, coeff 0.2103, bg 0.0118) | Val: 0.2412 (phase 0.0545, coeff 0.1854) | LR: 1.69e-04
==> Epoch 048/100 | Train: 0.2771 (phase 0.0698, coeff 0.2062, bg 0.0116) | Val: 0.3366 (phase 0.1178, coeff 0.2170) | LR: 1.65e-04
==> Epoch 049/100 | Train: 0.2792 (phase 0.0714, coeff 0.2067, bg 0.0111) | Val: 0.2376 (phase 0.0593, coeff 0.1770) | LR: 1.60e-04
==> Epoch 050/100 | Train: 0.2750 (phase 0.0678, coeff 0.2060, bg 0.0115) | Val: 0.2317 (phase 0.0552, coeff 0.1753) | LR: 1.55e-04
    Val R2 (projected): odd 0.926 | even 0.929 | worst Noll 13 = 0.855 | head mean 0.355
    per mode: 4:0.99 5:0.97 6:0.96 7:0.97 8:0.98 9:0.88 10:0.87 11:0.98 12:0.91 13:0.85 14:0.91 15:0.91 16:0.90 17:0.92 18:0.92 19:0.92 20:0.94 21:0.94 22:0.87
==> Epoch 051/100 | Train: 0.2791 (phase 0.0698, coeff 0.2082, bg 0.0117) | Val: 0.2334 (phase 0.0524, coeff 0.1801) | LR: 1.50e-04
==> Epoch 052/100 | Train: 0.2691 (phase 0.0662, coeff 0.2018, bg 0.0105) | Val: 0.2690 (phase 0.0646, coeff 0.2034) | LR: 1.46e-04
==> Epoch 053/100 | Train: 0.2654 (phase 0.0643, coeff 0.2001, bg 0.0106) | Val: 0.2856 (phase 0.0735, coeff 0.2114) | LR: 1.41e-04
==> Epoch 054/100 | Train: 0.2723 (phase 0.0666, coeff 0.2046, bg 0.0101) | Val: 0.2581 (phase 0.0656, coeff 0.1915) | LR: 1.36e-04
==> Epoch 055/100 | Train: 0.2617 (phase 0.0623, coeff 0.1984, bg 0.0106) | Val: 0.2241 (phase 0.0467, coeff 0.1763) | LR: 1.32e-04
==> Epoch 056/100 | Train: 0.2595 (phase 0.0603, coeff 0.1982, bg 0.0101) | Val: 0.2216 (phase 0.0498, coeff 0.1707) | LR: 1.27e-04
==> Epoch 057/100 | Train: 0.2557 (phase 0.0584, coeff 0.1963, bg 0.0098) | Val: 0.2367 (phase 0.0474, coeff 0.1885) | LR: 1.22e-04
==> Epoch 058/100 | Train: 0.2603 (phase 0.0585, coeff 0.2008, bg 0.0100) | Val: 0.2596 (phase 0.0689, coeff 0.1891) | LR: 1.18e-04
==> Epoch 059/100 | Train: 0.2574 (phase 0.0576, coeff 0.1988, bg 0.0105) | Val: 0.2070 (phase 0.0353, coeff 0.1709) | LR: 1.13e-04
==> Epoch 060/100 | Train: 0.2541 (phase 0.0562, coeff 0.1969, bg 0.0096) | Val: 0.2335 (phase 0.0505, coeff 0.1821) | LR: 1.09e-04
    Val R2 (projected): odd 0.950 | even 0.921 | worst Noll 12 = 0.854 | head mean 0.356
    per mode: 4:0.99 5:0.94 6:0.97 7:0.99 8:0.99 9:0.91 10:0.91 11:0.99 12:0.85 13:0.87 14:0.89 15:0.88 16:0.93 17:0.94 18:0.95 19:0.96 20:0.96 21:0.97 22:0.92
==> Epoch 061/100 | Train: 0.2515 (phase 0.0552, coeff 0.1953, bg 0.0093) | Val: 0.2125 (phase 0.0395, coeff 0.1723) | LR: 1.04e-04
==> Epoch 062/100 | Train: 0.2493 (phase 0.0538, coeff 0.1946, bg 0.0092) | Val: 0.2056 (phase 0.0337, coeff 0.1710) | LR: 9.99e-05
==> Epoch 063/100 | Train: 0.2522 (phase 0.0549, coeff 0.1964, bg 0.0092) | Val: 0.2048 (phase 0.0335, coeff 0.1706) | LR: 9.55e-05
==> Epoch 064/100 | Train: 0.2456 (phase 0.0511, coeff 0.1936, bg 0.0094) | Val: 0.1996 (phase 0.0315, coeff 0.1673) | LR: 9.11e-05
==> Epoch 065/100 | Train: 0.2483 (phase 0.0518, coeff 0.1956, bg 0.0095) | Val: 0.1941 (phase 0.0281, coeff 0.1652) | LR: 8.68e-05
==> Epoch 066/100 | Train: 0.2393 (phase 0.0484, coeff 0.1900, bg 0.0089) | Val: 0.2007 (phase 0.0362, coeff 0.1635) | LR: 8.26e-05
==> Epoch 067/100 | Train: 0.2411 (phase 0.0482, coeff 0.1920, bg 0.0087) | Val: 0.1995 (phase 0.0304, coeff 0.1679) | LR: 7.85e-05
==> Epoch 068/100 | Train: 0.2395 (phase 0.0481, coeff 0.1905, bg 0.0085) | Val: 0.2207 (phase 0.0409, coeff 0.1789) | LR: 7.44e-05
==> Epoch 069/100 | Train: 0.2351 (phase 0.0456, coeff 0.1886, bg 0.0086) | Val: 0.1885 (phase 0.0255, coeff 0.1619) | LR: 7.04e-05
==> Epoch 070/100 | Train: 0.2380 (phase 0.0469, coeff 0.1902, bg 0.0085) | Val: 0.1884 (phase 0.0239, coeff 0.1637) | LR: 6.65e-05
    Val R2 (projected): odd 0.959 | even 0.963 | worst Noll 10 = 0.923 | head mean 0.365
    per mode: 4:1.00 5:0.99 6:0.99 7:0.99 8:0.99 9:0.93 10:0.92 11:0.99 12:0.93 13:0.93 14:0.94 15:0.94 16:0.95 17:0.96 18:0.95 19:0.96 20:0.97 21:0.97 22:0.97
==> Epoch 071/100 | Train: 0.2340 (phase 0.0448, coeff 0.1883, bg 0.0082) | Val: 0.1900 (phase 0.0263, coeff 0.1628) | LR: 6.26e-05
==> Epoch 072/100 | Train: 0.2341 (phase 0.0451, coeff 0.1882, bg 0.0080) | Val: 0.1981 (phase 0.0316, coeff 0.1656) | LR: 5.89e-05
==> Epoch 073/100 | Train: 0.2318 (phase 0.0440, coeff 0.1871, bg 0.0080) | Val: 0.1889 (phase 0.0247, coeff 0.1635) | LR: 5.52e-05
==> Epoch 074/100 | Train: 0.2307 (phase 0.0439, coeff 0.1860, bg 0.0081) | Val: 0.1808 (phase 0.0210, coeff 0.1590) | LR: 5.16e-05
==> Epoch 075/100 | Train: 0.2327 (phase 0.0438, coeff 0.1882, bg 0.0078) | Val: 0.1877 (phase 0.0250, coeff 0.1621) | LR: 4.82e-05
==> Epoch 076/100 | Train: 0.2284 (phase 0.0425, coeff 0.1851, bg 0.0078) | Val: 0.1805 (phase 0.0213, coeff 0.1584) | LR: 4.48e-05
==> Epoch 077/100 | Train: 0.2253 (phase 0.0404, coeff 0.1842, bg 0.0074) | Val: 0.1854 (phase 0.0236, coeff 0.1610) | LR: 4.15e-05
==> Epoch 078/100 | Train: 0.2264 (phase 0.0417, coeff 0.1840, bg 0.0075) | Val: 0.1859 (phase 0.0262, coeff 0.1589) | LR: 3.84e-05
==> Epoch 079/100 | Train: 0.2233 (phase 0.0391, coeff 0.1835, bg 0.0074) | Val: 0.1773 (phase 0.0186, coeff 0.1579) | LR: 3.53e-05
==> Epoch 080/100 | Train: 0.2282 (phase 0.0399, coeff 0.1876, bg 0.0075) | Val: 0.1782 (phase 0.0184, coeff 0.1590) | LR: 3.24e-05
    Val R2 (projected): odd 0.964 | even 0.971 | worst Noll 9 = 0.935 | head mean 0.367
    per mode: 4:1.00 5:0.99 6:0.99 7:0.99 8:0.99 9:0.93 10:0.94 11:1.00 12:0.94 13:0.95 14:0.95 15:0.95 16:0.96 17:0.97 18:0.96 19:0.96 20:0.97 21:0.97 22:0.97
==> Epoch 081/100 | Train: 0.2248 (phase 0.0393, coeff 0.1847, bg 0.0074) | Val: 0.1797 (phase 0.0212, coeff 0.1578) | LR: 2.96e-05
==> Epoch 082/100 | Train: 0.2227 (phase 0.0385, coeff 0.1835, bg 0.0072) | Val: 0.1762 (phase 0.0181, coeff 0.1573) | LR: 2.69e-05
==> Epoch 083/100 | Train: 0.2219 (phase 0.0387, coeff 0.1826, bg 0.0073) | Val: 0.1776 (phase 0.0182, coeff 0.1588) | LR: 2.43e-05
==> Epoch 084/100 | Train: 0.2204 (phase 0.0382, coeff 0.1815, bg 0.0070) | Val: 0.1766 (phase 0.0193, coeff 0.1566) | LR: 2.18e-05
==> Epoch 085/100 | Train: 0.2209 (phase 0.0380, coeff 0.1822, bg 0.0070) | Val: 0.1768 (phase 0.0181, coeff 0.1580) | LR: 1.95e-05
==> Epoch 086/100 | Train: 0.2199 (phase 0.0372, coeff 0.1819, bg 0.0070) | Val: 0.1744 (phase 0.0169, coeff 0.1568) | LR: 1.73e-05
==> Epoch 087/100 | Train: 0.2231 (phase 0.0381, coeff 0.1843, bg 0.0069) | Val: 0.1771 (phase 0.0182, coeff 0.1583) | LR: 1.52e-05
==> Epoch 088/100 | Train: 0.2218 (phase 0.0378, coeff 0.1833, bg 0.0070) | Val: 0.1737 (phase 0.0165, coeff 0.1565) | LR: 1.33e-05
==> Epoch 089/100 | Train: 0.2184 (phase 0.0362, coeff 0.1815, bg 0.0069) | Val: 0.1740 (phase 0.0168, coeff 0.1565) | LR: 1.15e-05
==> Epoch 090/100 | Train: 0.2215 (phase 0.0367, coeff 0.1840, bg 0.0071) | Val: 0.1730 (phase 0.0162, coeff 0.1562) | LR: 9.84e-06
    Val R2 (projected): odd 0.966 | even 0.973 | worst Noll 9 = 0.938 | head mean 0.369
    per mode: 4:1.00 5:0.99 6:0.99 7:0.99 8:1.00 9:0.94 10:0.94 11:1.00 12:0.95 13:0.95 14:0.95 15:0.95 16:0.96 17:0.97 18:0.96 19:0.96 20:0.97 21:0.97 22:0.97
==> Epoch 091/100 | Train: 0.2175 (phase 0.0356, coeff 0.1812, bg 0.0070) | Val: 0.1743 (phase 0.0174, coeff 0.1562) | LR: 8.32e-06
==> Epoch 092/100 | Train: 0.2218 (phase 0.0367, coeff 0.1845, bg 0.0068) | Val: 0.1724 (phase 0.0156, coeff 0.1562) | LR: 6.94e-06
==> Epoch 093/100 | Train: 0.2196 (phase 0.0363, coeff 0.1827, bg 0.0068) | Val: 0.1721 (phase 0.0155, coeff 0.1559) | LR: 5.70e-06
==> Epoch 094/100 | Train: 0.2181 (phase 0.0361, coeff 0.1814, bg 0.0067) | Val: 0.1719 (phase 0.0154, coeff 0.1558) | LR: 4.60e-06
==> Epoch 095/100 | Train: 0.2181 (phase 0.0360, coeff 0.1815, bg 0.0069) | Val: 0.1717 (phase 0.0154, coeff 0.1557) | LR: 3.65e-06
==> Epoch 096/100 | Train: 0.2149 (phase 0.0347, coeff 0.1796, bg 0.0069) | Val: 0.1715 (phase 0.0153, coeff 0.1556) | LR: 2.84e-06
==> Epoch 097/100 | Train: 0.2192 (phase 0.0358, coeff 0.1826, bg 0.0068) | Val: 0.1714 (phase 0.0151, coeff 0.1556) | LR: 2.18e-06
==> Epoch 098/100 | Train: 0.2169 (phase 0.0357, coeff 0.1806, bg 0.0068) | Val: 0.1711 (phase 0.0152, coeff 0.1553) | LR: 1.66e-06
==> Epoch 099/100 | Train: 0.2180 (phase 0.0357, coeff 0.1815, bg 0.0069) | Val: 0.1714 (phase 0.0150, coeff 0.1557) | LR: 1.30e-06
==> Epoch 100/100 | Train: 0.2181 (phase 0.0354, coeff 0.1820, bg 0.0068) | Val: 0.1719 (phase 0.0152, coeff 0.1561) | LR: 1.07e-06
    Val R2 (projected): odd 0.967 | even 0.975 | worst Noll 9 = 0.940 | head mean 0.370
    per mode: 4:1.00 5:1.00 6:1.00 7:1.00 8:1.00 9:0.94 10:0.94 11:1.00 12:0.95 13:0.95 14:0.96 15:0.95 16:0.96 17:0.97 18:0.96 19:0.96 20:0.97 21:0.97 22:0.98

Pure FP32 training complete. Best validation loss: 0.171134 -> saved_models/ens/m3/best.pth
