=================================================================
Initializing EUV Phase Retrieval End-to-End Training (Pure FP32) on: cuda
Device Name: Tesla T4
VRAM Available: 15.64 GB
Total Epochs: 100 | Batch Size: 32 | Samples/Epoch: 2048
Optics: N=256, L=0.01, pupil_radius=0.0024 (footprint 123 px, Q=2.08), noise_rel=1.21e-06
Phase diversity: K=3 planes at defocus (-1.0, 0.0, 1.0) rad RMS
Noise augmentation: log-uniform x1..x30
Intensity Crop: 128x128 (Preserving outer diffraction rings)
Precision: Pure FP32 (Full IEEE-754 precision, no AMP/FP16)
Architecture Mode: hybrid | Coeff Loss: sum over modes x 1.0
Initial Learning Rate: 3.00e-04 | Scheduler: cosine (min LR 1.0e-06) | Seed: 0
Validation: 512 fixed samples (seed 12345) | per-mode R2 every 10 epochs
Checkpoints: saved_models/ens/m0/best.pth (lowest val loss), saved_models/ens/m0/final.pth
=================================================================
Generating fixed validation set...
Verified all model parameters are trainable: 8,338,074 / 8,338,074 (requires_grad = True).
Modal head parameters: 166,675 (trainable: True)
==> Epoch 001/100 | Train: 2.8197 (phase 1.3355, coeff 1.4753, bg 0.0888) | Val: 3.3749 (phase 1.9558, coeff 1.4106) | LR: 3.00e-04
==> Epoch 002/100 | Train: 2.1234 (phase 0.9179, coeff 1.1934, bg 0.1216) | Val: 2.5077 (phase 1.1911, coeff 1.2877) | LR: 3.00e-04
==> Epoch 003/100 | Train: 1.7372 (phase 0.6502, coeff 1.0751, bg 0.1191) | Val: 1.9816 (phase 0.8593, coeff 1.0983) | LR: 3.00e-04
==> Epoch 004/100 | Train: 1.5359 (phase 0.4819, coeff 1.0447, bg 0.0920) | Val: 5.2723 (phase 2.6864, coeff 2.5687) | LR: 2.99e-04
==> Epoch 005/100 | Train: 1.4472 (phase 0.4086, coeff 1.0297, bg 0.0900) | Val: 3.2431 (phase 1.6185, coeff 1.6035) | LR: 2.99e-04
==> Epoch 006/100 | Train: 1.3211 (phase 0.3504, coeff 0.9629, bg 0.0779) | Val: 2.1716 (phase 0.8606, coeff 1.3035) | LR: 2.98e-04
==> Epoch 007/100 | Train: 1.0705 (phase 0.3446, coeff 0.7205, bg 0.0540) | Val: 0.9305 (phase 0.3759, coeff 0.5513) | LR: 2.97e-04
==> Epoch 008/100 | Train: 0.8260 (phase 0.3370, coeff 0.4866, bg 0.0243) | Val: 3.1582 (phase 1.7114, coeff 1.4412) | LR: 2.96e-04
==> Epoch 009/100 | Train: 0.7205 (phase 0.3047, coeff 0.4136, bg 0.0221) | Val: 0.7385 (phase 0.2986, coeff 0.4386) | LR: 2.95e-04
==> Epoch 010/100 | Train: 0.6530 (phase 0.2768, coeff 0.3741, bg 0.0216) | Val: 1.0566 (phase 0.5002, coeff 0.5546) | LR: 2.94e-04
    Val R2 (projected): odd 0.574 | even 0.508 | worst Noll 13 = 0.176 | head mean 0.234
    per mode: 4:0.67 5:0.53 6:0.84 7:0.91 8:0.93 9:0.33 10:0.32 11:0.73 12:0.19 13:0.18 14:0.52 15:0.55 16:0.36 17:0.33 18:0.48 19:0.45 20:0.80 21:0.83 22:0.37
==> Epoch 011/100 | Train: 0.6198 (phase 0.2628, coeff 0.3551, bg 0.0199) | Val: 1.2183 (phase 0.5703, coeff 0.6461) | LR: 2.93e-04
==> Epoch 012/100 | Train: 0.6068 (phase 0.2588, coeff 0.3462, bg 0.0183) | Val: 1.0320 (phase 0.4511, coeff 0.5799) | LR: 2.91e-04
==> Epoch 013/100 | Train: 0.5692 (phase 0.2389, coeff 0.3282, bg 0.0209) | Val: 0.7737 (phase 0.3352, coeff 0.4365) | LR: 2.90e-04
==> Epoch 014/100 | Train: 0.5328 (phase 0.2201, coeff 0.3107, bg 0.0200) | Val: 1.7116 (phase 0.7978, coeff 0.9121) | LR: 2.88e-04
==> Epoch 015/100 | Train: 0.5542 (phase 0.2312, coeff 0.3210, bg 0.0197) | Val: 1.1945 (phase 0.5203, coeff 0.6722) | LR: 2.86e-04
==> Epoch 016/100 | Train: 0.5098 (phase 0.2066, coeff 0.3014, bg 0.0186) | Val: 1.0112 (phase 0.4922, coeff 0.5170) | LR: 2.84e-04
==> Epoch 017/100 | Train: 0.4998 (phase 0.2035, coeff 0.2944, bg 0.0190) | Val: 0.5803 (phase 0.2542, coeff 0.3241) | LR: 2.82e-04
==> Epoch 018/100 | Train: 0.4872 (phase 0.1935, coeff 0.2918, bg 0.0193) | Val: 0.7518 (phase 0.3278, coeff 0.4219) | LR: 2.79e-04
==> Epoch 019/100 | Train: 0.4843 (phase 0.1941, coeff 0.2884, bg 0.0178) | Val: 0.3900 (phase 0.1475, coeff 0.2410) | LR: 2.77e-04
==> Epoch 020/100 | Train: 0.4706 (phase 0.1832, coeff 0.2857, bg 0.0177) | Val: 0.9589 (phase 0.4695, coeff 0.4874) | LR: 2.74e-04
    Val R2 (projected): odd 0.734 | even 0.609 | worst Noll 6 = 0.190 | head mean 0.262
    per mode: 4:0.76 5:0.96 6:0.19 7:0.87 8:0.70 9:0.56 10:0.55 11:0.92 12:0.27 13:0.29 14:0.73 15:0.73 16:0.67 17:0.69 18:0.76 19:0.75 20:0.88 21:0.90 22:0.64
==> Epoch 021/100 | Train: 0.4600 (phase 0.1815, coeff 0.2767, bg 0.0185) | Val: 0.6447 (phase 0.2525, coeff 0.3912) | LR: 2.71e-04
==> Epoch 022/100 | Train: 0.4254 (phase 0.1577, coeff 0.2659, bg 0.0176) | Val: 0.5866 (phase 0.2559, coeff 0.3286) | LR: 2.69e-04
==> Epoch 023/100 | Train: 0.4134 (phase 0.1521, coeff 0.2597, bg 0.0167) | Val: 0.4474 (phase 0.1659, coeff 0.2804) | LR: 2.66e-04
==> Epoch 024/100 | Train: 0.4261 (phase 0.1564, coeff 0.2679, bg 0.0179) | Val: 0.4711 (phase 0.1733, coeff 0.2964) | LR: 2.63e-04
==> Epoch 025/100 | Train: 0.4197 (phase 0.1555, coeff 0.2624, bg 0.0182) | Val: 0.5420 (phase 0.2294, coeff 0.3117) | LR: 2.59e-04
==> Epoch 026/100 | Train: 0.3932 (phase 0.1395, coeff 0.2521, bg 0.0168) | Val: 0.3141 (phase 0.1172, coeff 0.1952) | LR: 2.56e-04
==> Epoch 027/100 | Train: 0.4165 (phase 0.1501, coeff 0.2647, bg 0.0162) | Val: 0.5802 (phase 0.2278, coeff 0.3518) | LR: 2.53e-04
==> Epoch 028/100 | Train: 0.3968 (phase 0.1388, coeff 0.2561, bg 0.0186) | Val: 0.3403 (phase 0.1165, coeff 0.2224) | LR: 2.49e-04
==> Epoch 029/100 | Train: 0.3868 (phase 0.1335, coeff 0.2517, bg 0.0160) | Val: 0.4227 (phase 0.1506, coeff 0.2709) | LR: 2.46e-04
==> Epoch 030/100 | Train: 0.3825 (phase 0.1306, coeff 0.2503, bg 0.0162) | Val: 0.4813 (phase 0.1712, coeff 0.3086) | LR: 2.42e-04
    Val R2 (projected): odd 0.876 | even 0.816 | worst Noll 13 = 0.664 | head mean 0.325
    per mode: 4:0.81 5:0.94 6:0.96 7:0.96 8:0.97 9:0.79 10:0.78 11:0.97 12:0.67 13:0.66 14:0.80 15:0.81 16:0.84 17:0.78 18:0.90 19:0.90 20:0.92 21:0.91 22:0.71
==> Epoch 031/100 | Train: 0.3729 (phase 0.1249, coeff 0.2464, bg 0.0164) | Val: 0.6856 (phase 0.3113, coeff 0.3735) | LR: 2.38e-04
==> Epoch 032/100 | Train: 0.3691 (phase 0.1225, coeff 0.2450, bg 0.0162) | Val: 0.3960 (phase 0.1488, coeff 0.2454) | LR: 2.35e-04
==> Epoch 033/100 | Train: 0.3582 (phase 0.1168, coeff 0.2399, bg 0.0149) | Val: 0.3497 (phase 0.1156, coeff 0.2318) | LR: 2.31e-04
==> Epoch 034/100 | Train: 0.3552 (phase 0.1165, coeff 0.2372, bg 0.0153) | Val: 0.3144 (phase 0.0963, coeff 0.2169) | LR: 2.27e-04
==> Epoch 035/100 | Train: 0.3397 (phase 0.1065, coeff 0.2317, bg 0.0145) | Val: 0.3533 (phase 0.1075, coeff 0.2445) | LR: 2.23e-04
==> Epoch 036/100 | Train: 0.3371 (phase 0.1028, coeff 0.2328, bg 0.0150) | Val: 0.3332 (phase 0.1059, coeff 0.2261) | LR: 2.18e-04
==> Epoch 037/100 | Train: 0.3410 (phase 0.1046, coeff 0.2349, bg 0.0148) | Val: 0.3301 (phase 0.1059, coeff 0.2224) | LR: 2.14e-04
==> Epoch 038/100 | Train: 0.3258 (phase 0.0968, coeff 0.2275, bg 0.0152) | Val: 0.3805 (phase 0.1205, coeff 0.2583) | LR: 2.10e-04
==> Epoch 039/100 | Train: 0.3401 (phase 0.1062, coeff 0.2325, bg 0.0140) | Val: 0.3247 (phase 0.0957, coeff 0.2275) | LR: 2.06e-04
==> Epoch 040/100 | Train: 0.3383 (phase 0.1037, coeff 0.2332, bg 0.0144) | Val: 0.3242 (phase 0.0975, coeff 0.2257) | LR: 2.01e-04
    Val R2 (projected): odd 0.897 | even 0.891 | worst Noll 12 = 0.775 | head mean 0.340
    per mode: 4:0.92 5:0.97 6:0.98 7:0.99 8:0.98 9:0.79 10:0.80 11:0.95 12:0.77 13:0.79 14:0.87 15:0.89 16:0.86 17:0.90 18:0.90 19:0.89 20:0.92 21:0.94 22:0.86
==> Epoch 041/100 | Train: 0.3264 (phase 0.0978, coeff 0.2273, bg 0.0138) | Val: 0.3794 (phase 0.1272, coeff 0.2509) | LR: 1.97e-04
==> Epoch 042/100 | Train: 0.3182 (phase 0.0937, coeff 0.2230, bg 0.0148) | Val: 0.3763 (phase 0.1258, coeff 0.2475) | LR: 1.92e-04
==> Epoch 043/100 | Train: 0.3110 (phase 0.0880, coeff 0.2215, bg 0.0146) | Val: 0.3203 (phase 0.1035, coeff 0.2150) | LR: 1.88e-04
==> Epoch 044/100 | Train: 0.3137 (phase 0.0893, coeff 0.2230, bg 0.0136) | Val: 0.3655 (phase 0.1161, coeff 0.2482) | LR: 1.83e-04
==> Epoch 045/100 | Train: 0.3015 (phase 0.0844, coeff 0.2158, bg 0.0127) | Val: 0.2606 (phase 0.0677, coeff 0.1917) | LR: 1.79e-04
==> Epoch 046/100 | Train: 0.3042 (phase 0.0842, coeff 0.2187, bg 0.0134) | Val: 0.3088 (phase 0.0932, coeff 0.2145) | LR: 1.74e-04
==> Epoch 047/100 | Train: 0.2916 (phase 0.0773, coeff 0.2131, bg 0.0125) | Val: 0.3086 (phase 0.0771, coeff 0.2307) | LR: 1.69e-04
==> Epoch 048/100 | Train: 0.2914 (phase 0.0769, coeff 0.2133, bg 0.0119) | Val: 0.2581 (phase 0.0608, coeff 0.1963) | LR: 1.65e-04
==> Epoch 049/100 | Train: 0.2877 (phase 0.0772, coeff 0.2093, bg 0.0116) | Val: 0.2534 (phase 0.0555, coeff 0.1969) | LR: 1.60e-04
==> Epoch 050/100 | Train: 0.2895 (phase 0.0754, coeff 0.2129, bg 0.0121) | Val: 0.2851 (phase 0.0731, coeff 0.2109) | LR: 1.55e-04
    Val R2 (projected): odd 0.935 | even 0.924 | worst Noll 12 = 0.860 | head mean 0.346
    per mode: 4:0.99 5:0.98 6:0.86 7:0.98 8:0.98 9:0.87 10:0.88 11:0.98 12:0.86 13:0.88 14:0.92 15:0.90 16:0.92 17:0.93 18:0.94 19:0.94 20:0.96 21:0.95 22:0.94
==> Epoch 051/100 | Train: 0.2832 (phase 0.0743, coeff 0.2078, bg 0.0109) | Val: 0.2224 (phase 0.0425, coeff 0.1789) | LR: 1.50e-04
==> Epoch 052/100 | Train: 0.2817 (phase 0.0722, coeff 0.2083, bg 0.0119) | Val: 0.2911 (phase 0.0773, coeff 0.2129) | LR: 1.46e-04
==> Epoch 053/100 | Train: 0.2743 (phase 0.0688, coeff 0.2043, bg 0.0123) | Val: 0.2752 (phase 0.0718, coeff 0.2021) | LR: 1.41e-04
==> Epoch 054/100 | Train: 0.2728 (phase 0.0657, coeff 0.2060, bg 0.0113) | Val: 0.2311 (phase 0.0478, coeff 0.1823) | LR: 1.36e-04
==> Epoch 055/100 | Train: 0.2691 (phase 0.0636, coeff 0.2045, bg 0.0107) | Val: 0.2140 (phase 0.0379, coeff 0.1753) | LR: 1.32e-04
==> Epoch 056/100 | Train: 0.2670 (phase 0.0626, coeff 0.2034, bg 0.0104) | Val: 0.2392 (phase 0.0642, coeff 0.1740) | LR: 1.27e-04
==> Epoch 057/100 | Train: 0.2633 (phase 0.0617, coeff 0.2006, bg 0.0104) | Val: 0.2105 (phase 0.0353, coeff 0.1741) | LR: 1.22e-04
==> Epoch 058/100 | Train: 0.2621 (phase 0.0600, coeff 0.2011, bg 0.0101) | Val: 0.2072 (phase 0.0355, coeff 0.1707) | LR: 1.18e-04
==> Epoch 059/100 | Train: 0.2592 (phase 0.0589, coeff 0.1994, bg 0.0099) | Val: 0.2206 (phase 0.0415, coeff 0.1782) | LR: 1.13e-04
==> Epoch 060/100 | Train: 0.2537 (phase 0.0563, coeff 0.1964, bg 0.0096) | Val: 0.2189 (phase 0.0405, coeff 0.1773) | LR: 1.09e-04
    Val R2 (projected): odd 0.944 | even 0.944 | worst Noll 13 = 0.888 | head mean 0.355
    per mode: 4:0.99 5:0.98 6:0.97 7:0.97 8:0.99 9:0.91 10:0.89 11:0.99 12:0.89 13:0.89 14:0.91 15:0.91 16:0.93 17:0.95 18:0.94 19:0.94 20:0.96 21:0.96 22:0.96
==> Epoch 061/100 | Train: 0.2581 (phase 0.0570, coeff 0.2001, bg 0.0096) | Val: 0.2375 (phase 0.0482, coeff 0.1886) | LR: 1.04e-04
==> Epoch 062/100 | Train: 0.2514 (phase 0.0538, coeff 0.1967, bg 0.0095) | Val: 0.2218 (phase 0.0442, coeff 0.1767) | LR: 9.99e-05
==> Epoch 063/100 | Train: 0.2464 (phase 0.0520, coeff 0.1935, bg 0.0093) | Val: 0.2104 (phase 0.0376, coeff 0.1718) | LR: 9.55e-05
==> Epoch 064/100 | Train: 0.2487 (phase 0.0512, coeff 0.1966, bg 0.0094) | Val: 0.2026 (phase 0.0353, coeff 0.1664) | LR: 9.11e-05
==> Epoch 065/100 | Train: 0.2461 (phase 0.0513, coeff 0.1939, bg 0.0088) | Val: 0.2192 (phase 0.0438, coeff 0.1747) | LR: 8.68e-05
==> Epoch 066/100 | Train: 0.2454 (phase 0.0505, coeff 0.1940, bg 0.0088) | Val: 0.1985 (phase 0.0300, coeff 0.1677) | LR: 8.26e-05
==> Epoch 067/100 | Train: 0.2495 (phase 0.0511, coeff 0.1974, bg 0.0091) | Val: 0.2030 (phase 0.0306, coeff 0.1717) | LR: 7.85e-05
==> Epoch 068/100 | Train: 0.2369 (phase 0.0468, coeff 0.1893, bg 0.0084) | Val: 0.1976 (phase 0.0290, coeff 0.1678) | LR: 7.44e-05
==> Epoch 069/100 | Train: 0.2379 (phase 0.0472, coeff 0.1898, bg 0.0085) | Val: 0.1971 (phase 0.0328, coeff 0.1636) | LR: 7.04e-05
==> Epoch 070/100 | Train: 0.2405 (phase 0.0479, coeff 0.1917, bg 0.0083) | Val: 0.1953 (phase 0.0275, coeff 0.1670) | LR: 6.65e-05
    Val R2 (projected): odd 0.955 | even 0.962 | worst Noll 10 = 0.910 | head mean 0.362
    per mode: 4:0.99 5:0.98 6:0.99 7:0.99 8:0.99 9:0.92 10:0.91 11:0.99 12:0.92 13:0.93 14:0.94 15:0.94 16:0.95 17:0.95 18:0.95 19:0.95 20:0.97 21:0.97 22:0.96
==> Epoch 071/100 | Train: 0.2390 (phase 0.0464, coeff 0.1918, bg 0.0084) | Val: 0.1930 (phase 0.0253, coeff 0.1669) | LR: 6.26e-05
==> Epoch 072/100 | Train: 0.2349 (phase 0.0453, coeff 0.1887, bg 0.0081) | Val: 0.1912 (phase 0.0296, coeff 0.1608) | LR: 5.89e-05
==> Epoch 073/100 | Train: 0.2327 (phase 0.0453, coeff 0.1866, bg 0.0078) | Val: 0.2026 (phase 0.0327, coeff 0.1689) | LR: 5.52e-05
==> Epoch 074/100 | Train: 0.2341 (phase 0.0443, coeff 0.1890, bg 0.0077) | Val: 0.1848 (phase 0.0216, coeff 0.1623) | LR: 5.16e-05
==> Epoch 075/100 | Train: 0.2336 (phase 0.0436, coeff 0.1893, bg 0.0080) | Val: 0.1884 (phase 0.0242, coeff 0.1635) | LR: 4.82e-05
==> Epoch 076/100 | Train: 0.2287 (phase 0.0426, coeff 0.1853, bg 0.0075) | Val: 0.1835 (phase 0.0221, coeff 0.1607) | LR: 4.48e-05
==> Epoch 077/100 | Train: 0.2325 (phase 0.0428, coeff 0.1889, bg 0.0076) | Val: 0.1881 (phase 0.0229, coeff 0.1645) | LR: 4.15e-05
==> Epoch 078/100 | Train: 0.2241 (phase 0.0393, coeff 0.1841, bg 0.0073) | Val: 0.1839 (phase 0.0215, coeff 0.1617) | LR: 3.84e-05
==> Epoch 079/100 | Train: 0.2300 (phase 0.0418, coeff 0.1875, bg 0.0075) | Val: 0.1879 (phase 0.0250, coeff 0.1622) | LR: 3.53e-05
==> Epoch 080/100 | Train: 0.2258 (phase 0.0401, coeff 0.1850, bg 0.0074) | Val: 0.1790 (phase 0.0187, coeff 0.1594) | LR: 3.24e-05
    Val R2 (projected): odd 0.962 | even 0.966 | worst Noll 9 = 0.929 | head mean 0.363
    per mode: 4:1.00 5:0.99 6:0.99 7:0.99 8:0.99 9:0.93 10:0.93 11:1.00 12:0.93 13:0.94 14:0.94 15:0.94 16:0.95 17:0.96 18:0.96 19:0.96 20:0.97 21:0.97 22:0.96
==> Epoch 081/100 | Train: 0.2253 (phase 0.0391, coeff 0.1855, bg 0.0073) | Val: 0.1821 (phase 0.0194, coeff 0.1620) | LR: 2.96e-05
==> Epoch 082/100 | Train: 0.2279 (phase 0.0400, coeff 0.1871, bg 0.0072) | Val: 0.1831 (phase 0.0205, coeff 0.1619) | LR: 2.69e-05
==> Epoch 083/100 | Train: 0.2295 (phase 0.0404, coeff 0.1884, bg 0.0073) | Val: 0.1781 (phase 0.0181, coeff 0.1593) | LR: 2.43e-05
==> Epoch 084/100 | Train: 0.2230 (phase 0.0388, coeff 0.1834, bg 0.0072) | Val: 0.1758 (phase 0.0173, coeff 0.1578) | LR: 2.18e-05
==> Epoch 085/100 | Train: 0.2221 (phase 0.0378, coeff 0.1836, bg 0.0072) | Val: 0.1767 (phase 0.0174, coeff 0.1586) | LR: 1.95e-05
==> Epoch 086/100 | Train: 0.2216 (phase 0.0383, coeff 0.1825, bg 0.0070) | Val: 0.1770 (phase 0.0173, coeff 0.1589) | LR: 1.73e-05
==> Epoch 087/100 | Train: 0.2205 (phase 0.0376, coeff 0.1822, bg 0.0069) | Val: 0.1765 (phase 0.0172, coeff 0.1587) | LR: 1.52e-05
==> Epoch 088/100 | Train: 0.2224 (phase 0.0369, coeff 0.1848, bg 0.0071) | Val: 0.1758 (phase 0.0166, coeff 0.1586) | LR: 1.33e-05
==> Epoch 089/100 | Train: 0.2186 (phase 0.0370, coeff 0.1810, bg 0.0067) | Val: 0.1742 (phase 0.0163, coeff 0.1572) | LR: 1.15e-05
==> Epoch 090/100 | Train: 0.2194 (phase 0.0364, coeff 0.1822, bg 0.0069) | Val: 0.1743 (phase 0.0165, coeff 0.1571) | LR: 9.84e-06
    Val R2 (projected): odd 0.966 | even 0.973 | worst Noll 9 = 0.935 | head mean 0.365
    per mode: 4:1.00 5:0.99 6:0.99 7:0.99 8:0.99 9:0.93 10:0.94 11:1.00 12:0.95 13:0.95 14:0.96 15:0.95 16:0.96 17:0.97 18:0.96 19:0.96 20:0.97 21:0.97 22:0.98
==> Epoch 091/100 | Train: 0.2217 (phase 0.0374, coeff 0.1836, bg 0.0068) | Val: 0.1744 (phase 0.0165, coeff 0.1573) | LR: 8.32e-06
==> Epoch 092/100 | Train: 0.2211 (phase 0.0373, coeff 0.1831, bg 0.0068) | Val: 0.1735 (phase 0.0156, coeff 0.1573) | LR: 6.94e-06
==> Epoch 093/100 | Train: 0.2205 (phase 0.0359, coeff 0.1839, bg 0.0069) | Val: 0.1739 (phase 0.0157, coeff 0.1575) | LR: 5.70e-06
==> Epoch 094/100 | Train: 0.2184 (phase 0.0357, coeff 0.1821, bg 0.0066) | Val: 0.1735 (phase 0.0155, coeff 0.1573) | LR: 4.60e-06
==> Epoch 095/100 | Train: 0.2195 (phase 0.0359, coeff 0.1830, bg 0.0067) | Val: 0.1730 (phase 0.0154, coeff 0.1569) | LR: 3.65e-06
==> Epoch 096/100 | Train: 0.2203 (phase 0.0356, coeff 0.1840, bg 0.0068) | Val: 0.1729 (phase 0.0154, coeff 0.1568) | LR: 2.84e-06
==> Epoch 097/100 | Train: 0.2210 (phase 0.0355, coeff 0.1848, bg 0.0068) | Val: 0.1727 (phase 0.0153, coeff 0.1567) | LR: 2.18e-06
==> Epoch 098/100 | Train: 0.2239 (phase 0.0365, coeff 0.1868, bg 0.0069) | Val: 0.1733 (phase 0.0153, coeff 0.1573) | LR: 1.66e-06
==> Epoch 099/100 | Train: 0.2178 (phase 0.0354, coeff 0.1817, bg 0.0069) | Val: 0.1725 (phase 0.0153, coeff 0.1565) | LR: 1.30e-06
==> Epoch 100/100 | Train: 0.2209 (phase 0.0361, coeff 0.1840, bg 0.0068) | Val: 0.1725 (phase 0.0152, coeff 0.1567) | LR: 1.07e-06
    Val R2 (projected): odd 0.967 | even 0.974 | worst Noll 9 = 0.937 | head mean 0.366
    per mode: 4:1.00 5:1.00 6:1.00 7:1.00 8:1.00 9:0.94 10:0.94 11:1.00 12:0.95 13:0.95 14:0.95 15:0.95 16:0.96 17:0.97 18:0.96 19:0.97 20:0.97 21:0.97 22:0.98

Pure FP32 training complete. Best validation loss: 0.172476 -> saved_models/ens/m0/best.pth
