=================================================================
Initializing EUV Phase Retrieval End-to-End Training (Pure FP32) on: cuda
Device Name: Tesla T4
VRAM Available: 15.64 GB
Total Epochs: 150 | Batch Size: 32 | Samples/Epoch: 2048
Optics: N=256, L=0.01, pupil_radius=0.0024 (footprint 123 px, Q=2.08), noise_rel=1.21e-06
Phase diversity: K=3 planes at defocus (-1.0, 0.0, 1.0) rad RMS
Intensity Crop: 128x128 (Preserving outer diffraction rings)
Precision: Pure FP32 (Full IEEE-754 precision, no AMP/FP16)
Architecture Mode: hybrid | Coeff Loss: sum over modes x 1.0
Initial Learning Rate: 3.00e-04
Validation: 512 fixed samples (seed 12345) | per-mode R2 every 10 epochs
Checkpoints: saved_models/k3_pm1/best.pth (lowest val loss), saved_models/k3_pm1/final.pth
=================================================================
Generating fixed validation set...
Verified all model parameters are trainable: 8,338,074 / 8,338,074 (requires_grad = True).
Modal head parameters: 166,675 (trainable: True)
==> Epoch 001/150 | Train: 2.6226 (phase 1.2547, coeff 1.3562, bg 0.1182) | Val: 3.5093 (phase 2.0045, coeff 1.4916) | LR: 3.00e-04
==> Epoch 002/150 | Train: 1.7502 (phase 0.7918, coeff 0.9525, bg 0.0588) | Val: 2.1643 (phase 1.0176, coeff 1.1299) | LR: 3.00e-04
==> Epoch 003/150 | Train: 1.4152 (phase 0.5455, coeff 0.8628, bg 0.0685) | Val: 2.3291 (phase 1.0586, coeff 1.2593) | LR: 3.00e-04
==> Epoch 004/150 | Train: 1.1361 (phase 0.4320, coeff 0.6991, bg 0.0502) | Val: 4.7754 (phase 2.3207, coeff 2.4504) | LR: 3.00e-04
==> Epoch 005/150 | Train: 0.8580 (phase 0.3734, coeff 0.4819, bg 0.0275) | Val: 1.8145 (phase 0.8927, coeff 0.9185) | LR: 3.00e-04
==> Epoch 006/150 | Train: 0.7478 (phase 0.3329, coeff 0.4121, bg 0.0275) | Val: 0.8401 (phase 0.3972, coeff 0.4403) | LR: 3.00e-04
==> Epoch 007/150 | Train: 0.6770 (phase 0.2989, coeff 0.3758, bg 0.0236) | Val: 1.1444 (phase 0.5666, coeff 0.5746) | LR: 3.00e-04
==> Epoch 008/150 | Train: 0.6660 (phase 0.2960, coeff 0.3674, bg 0.0259) | Val: 0.7508 (phase 0.3366, coeff 0.4115) | LR: 3.00e-04
==> Epoch 009/150 | Train: 0.6436 (phase 0.2819, coeff 0.3591, bg 0.0263) | Val: 1.5552 (phase 0.7242, coeff 0.8291) | LR: 3.00e-04
==> Epoch 010/150 | Train: 0.5660 (phase 0.2414, coeff 0.3223, bg 0.0231) | Val: 3.4160 (phase 1.6315, coeff 1.7824) | LR: 3.00e-04
    Val R2 (projected): odd 0.531 | even 0.210 | worst Noll 4 = -1.189 | head mean 0.073
    per mode: 4:-1.19 5:0.84 6:0.46 7:0.95 8:0.69 9:0.29 10:0.23 11:-0.24 12:0.27 13:0.22 14:0.53 15:0.48 16:0.36 17:0.42 18:0.45 19:0.39 20:0.78 21:0.74 22:0.52
==> Epoch 011/150 | Train: 0.5760 (phase 0.2490, coeff 0.3249, bg 0.0200) | Val: 1.3181 (phase 0.6152, coeff 0.7011) | LR: 3.00e-04
==> Epoch 012/150 | Train: 0.5518 (phase 0.2310, coeff 0.3188, bg 0.0204) | Val: 2.1522 (phase 0.9806, coeff 1.1697) | LR: 3.00e-04
==> Epoch 013/150 | Train: 0.5027 (phase 0.2052, coeff 0.2956, bg 0.0192) | Val: 1.0703 (phase 0.4872, coeff 0.5804) | LR: 3.00e-04
==> Epoch 014/150 | Train: 0.4637 (phase 0.1839, coeff 0.2778, bg 0.0190) | Val: 0.4631 (phase 0.1925, coeff 0.2695) | LR: 1.50e-04
==> Epoch 015/150 | Train: 0.4474 (phase 0.1724, coeff 0.2732, bg 0.0179) | Val: 0.4962 (phase 0.2067, coeff 0.2880) | LR: 1.50e-04
==> Epoch 016/150 | Train: 0.4467 (phase 0.1725, coeff 0.2725, bg 0.0166) | Val: 0.4075 (phase 0.1645, coeff 0.2414) | LR: 1.50e-04
==> Epoch 017/150 | Train: 0.4474 (phase 0.1725, coeff 0.2732, bg 0.0173) | Val: 0.5478 (phase 0.2463, coeff 0.2999) | LR: 1.50e-04
==> Epoch 018/150 | Train: 0.4196 (phase 0.1578, coeff 0.2601, bg 0.0161) | Val: 0.5928 (phase 0.2484, coeff 0.3429) | LR: 1.50e-04
==> Epoch 019/150 | Train: 0.4219 (phase 0.1575, coeff 0.2627, bg 0.0169) | Val: 0.4269 (phase 0.1701, coeff 0.2554) | LR: 1.50e-04
==> Epoch 020/150 | Train: 0.4274 (phase 0.1584, coeff 0.2674, bg 0.0162) | Val: 0.5215 (phase 0.2100, coeff 0.3103) | LR: 1.50e-04
    Val R2 (projected): odd 0.773 | even 0.807 | worst Noll 13 = 0.525 | head mean 0.328
    per mode: 4:0.82 5:0.94 6:0.87 7:0.97 8:0.90 9:0.62 10:0.59 11:0.97 12:0.55 13:0.52 14:0.87 15:0.87 16:0.69 17:0.68 18:0.75 19:0.75 20:0.90 21:0.89 22:0.85
==> Epoch 021/150 | Train: 0.4321 (phase 0.1608, coeff 0.2697, bg 0.0170) | Val: 0.6626 (phase 0.3040, coeff 0.3567) | LR: 1.50e-04
==> Epoch 022/150 | Train: 0.3792 (phase 0.1306, coeff 0.2472, bg 0.0145) | Val: 0.4490 (phase 0.1684, coeff 0.2792) | LR: 7.50e-05
==> Epoch 023/150 | Train: 0.3792 (phase 0.1269, coeff 0.2508, bg 0.0156) | Val: 0.2630 (phase 0.0741, coeff 0.1873) | LR: 7.50e-05
==> Epoch 024/150 | Train: 0.3686 (phase 0.1209, coeff 0.2461, bg 0.0149) | Val: 0.3363 (phase 0.1119, coeff 0.2226) | LR: 7.50e-05
==> Epoch 025/150 | Train: 0.3647 (phase 0.1197, coeff 0.2435, bg 0.0139) | Val: 0.3756 (phase 0.1414, coeff 0.2330) | LR: 7.50e-05
==> Epoch 026/150 | Train: 0.3501 (phase 0.1124, coeff 0.2362, bg 0.0150) | Val: 0.2790 (phase 0.0757, coeff 0.2018) | LR: 7.50e-05
==> Epoch 027/150 | Train: 0.3443 (phase 0.1094, coeff 0.2335, bg 0.0139) | Val: 0.3467 (phase 0.1191, coeff 0.2260) | LR: 7.50e-05
==> Epoch 028/150 | Train: 0.3536 (phase 0.1141, coeff 0.2382, bg 0.0136) | Val: 0.5413 (phase 0.2192, coeff 0.3206) | LR: 7.50e-05
==> Epoch 029/150 | Train: 0.3376 (phase 0.1019, coeff 0.2342, bg 0.0138) | Val: 0.2262 (phase 0.0522, coeff 0.1728) | LR: 3.75e-05
==> Epoch 030/150 | Train: 0.3286 (phase 0.0975, coeff 0.2297, bg 0.0131) | Val: 0.2373 (phase 0.0574, coeff 0.1785) | LR: 3.75e-05
    Val R2 (projected): odd 0.910 | even 0.907 | worst Noll 13 = 0.773 | head mean 0.355
    per mode: 4:0.98 5:0.99 6:0.99 7:0.99 8:0.99 9:0.82 10:0.82 11:0.97 12:0.79 13:0.77 14:0.91 15:0.91 16:0.89 17:0.88 18:0.91 19:0.90 20:0.95 21:0.95 22:0.86
==> Epoch 031/150 | Train: 0.3311 (phase 0.0981, coeff 0.2317, bg 0.0130) | Val: 0.2349 (phase 0.0572, coeff 0.1765) | LR: 3.75e-05
==> Epoch 032/150 | Train: 0.3174 (phase 0.0933, coeff 0.2229, bg 0.0121) | Val: 0.2779 (phase 0.0711, coeff 0.2056) | LR: 3.75e-05
==> Epoch 033/150 | Train: 0.3187 (phase 0.0917, coeff 0.2257, bg 0.0126) | Val: 0.2265 (phase 0.0511, coeff 0.1743) | LR: 3.75e-05
==> Epoch 034/150 | Train: 0.3122 (phase 0.0874, coeff 0.2235, bg 0.0131) | Val: 0.2191 (phase 0.0474, coeff 0.1704) | LR: 3.75e-05
==> Epoch 035/150 | Train: 0.3129 (phase 0.0879, coeff 0.2238, bg 0.0129) | Val: 0.2888 (phase 0.0812, coeff 0.2064) | LR: 3.75e-05
==> Epoch 036/150 | Train: 0.3126 (phase 0.0883, coeff 0.2231, bg 0.0122) | Val: 0.2429 (phase 0.0564, coeff 0.1854) | LR: 3.75e-05
==> Epoch 037/150 | Train: 0.3092 (phase 0.0862, coeff 0.2217, bg 0.0124) | Val: 0.2131 (phase 0.0435, coeff 0.1683) | LR: 3.75e-05
==> Epoch 038/150 | Train: 0.3066 (phase 0.0828, coeff 0.2226, bg 0.0122) | Val: 0.2495 (phase 0.0607, coeff 0.1877) | LR: 3.75e-05
==> Epoch 039/150 | Train: 0.3043 (phase 0.0838, coeff 0.2193, bg 0.0119) | Val: 0.2512 (phase 0.0596, coeff 0.1907) | LR: 3.75e-05
==> Epoch 040/150 | Train: 0.3096 (phase 0.0856, coeff 0.2229, bg 0.0116) | Val: 0.2258 (phase 0.0517, coeff 0.1729) | LR: 3.75e-05
    Val R2 (projected): odd 0.923 | even 0.921 | worst Noll 13 = 0.778 | head mean 0.359
    per mode: 4:0.98 5:0.96 6:0.99 7:0.97 8:0.99 9:0.84 10:0.84 11:0.99 12:0.82 13:0.78 14:0.91 15:0.92 16:0.92 17:0.91 18:0.93 19:0.92 20:0.95 21:0.96 22:0.95
==> Epoch 041/150 | Train: 0.3032 (phase 0.0820, coeff 0.2200, bg 0.0119) | Val: 0.2161 (phase 0.0449, coeff 0.1699) | LR: 3.75e-05
==> Epoch 042/150 | Train: 0.3025 (phase 0.0817, coeff 0.2197, bg 0.0117) | Val: 0.2340 (phase 0.0552, coeff 0.1777) | LR: 3.75e-05
==> Epoch 043/150 | Train: 0.2917 (phase 0.0754, coeff 0.2151, bg 0.0118) | Val: 0.2319 (phase 0.0514, coeff 0.1795) | LR: 1.87e-05
==> Epoch 044/150 | Train: 0.2879 (phase 0.0736, coeff 0.2131, bg 0.0114) | Val: 0.2083 (phase 0.0386, coeff 0.1686) | LR: 1.87e-05
==> Epoch 045/150 | Train: 0.2866 (phase 0.0717, coeff 0.2137, bg 0.0112) | Val: 0.2050 (phase 0.0376, coeff 0.1663) | LR: 1.87e-05
==> Epoch 046/150 | Train: 0.2845 (phase 0.0722, coeff 0.2112, bg 0.0109) | Val: 0.2045 (phase 0.0385, coeff 0.1649) | LR: 1.87e-05
==> Epoch 047/150 | Train: 0.2812 (phase 0.0699, coeff 0.2102, bg 0.0115) | Val: 0.2089 (phase 0.0398, coeff 0.1680) | LR: 1.87e-05
==> Epoch 048/150 | Train: 0.2840 (phase 0.0707, coeff 0.2122, bg 0.0108) | Val: 0.2042 (phase 0.0373, coeff 0.1658) | LR: 1.87e-05
==> Epoch 049/150 | Train: 0.2839 (phase 0.0710, coeff 0.2117, bg 0.0110) | Val: 0.2065 (phase 0.0367, coeff 0.1687) | LR: 1.87e-05
==> Epoch 050/150 | Train: 0.2801 (phase 0.0694, coeff 0.2096, bg 0.0108) | Val: 0.1988 (phase 0.0330, coeff 0.1648) | LR: 1.87e-05
    Val R2 (projected): odd 0.936 | even 0.947 | worst Noll 9 = 0.860 | head mean 0.362
    per mode: 4:0.99 5:0.99 6:0.99 7:0.99 8:0.99 9:0.86 10:0.86 11:0.99 12:0.86 13:0.87 14:0.93 15:0.93 16:0.94 17:0.93 18:0.93 19:0.93 20:0.96 21:0.96 22:0.96
==> Epoch 051/150 | Train: 0.2782 (phase 0.0691, coeff 0.2080, bg 0.0107) | Val: 0.1983 (phase 0.0334, coeff 0.1638) | LR: 1.87e-05
==> Epoch 052/150 | Train: 0.2782 (phase 0.0686, coeff 0.2085, bg 0.0110) | Val: 0.2178 (phase 0.0421, coeff 0.1747) | LR: 1.87e-05
==> Epoch 053/150 | Train: 0.2807 (phase 0.0699, coeff 0.2098, bg 0.0106) | Val: 0.2026 (phase 0.0359, coeff 0.1656) | LR: 1.87e-05
==> Epoch 054/150 | Train: 0.2766 (phase 0.0671, coeff 0.2085, bg 0.0103) | Val: 0.1960 (phase 0.0337, coeff 0.1613) | LR: 1.87e-05
==> Epoch 055/150 | Train: 0.2815 (phase 0.0685, coeff 0.2119, bg 0.0107) | Val: 0.1949 (phase 0.0332, coeff 0.1606) | LR: 1.87e-05
==> Epoch 056/150 | Train: 0.2731 (phase 0.0650, coeff 0.2071, bg 0.0106) | Val: 0.2017 (phase 0.0351, coeff 0.1657) | LR: 1.87e-05
==> Epoch 057/150 | Train: 0.2726 (phase 0.0651, coeff 0.2065, bg 0.0105) | Val: 0.2000 (phase 0.0326, coeff 0.1664) | LR: 1.87e-05
==> Epoch 058/150 | Train: 0.2758 (phase 0.0659, coeff 0.2088, bg 0.0105) | Val: 0.2011 (phase 0.0339, coeff 0.1661) | LR: 1.87e-05
==> Epoch 059/150 | Train: 0.2747 (phase 0.0659, coeff 0.2078, bg 0.0103) | Val: 0.1996 (phase 0.0355, coeff 0.1631) | LR: 1.87e-05
==> Epoch 060/150 | Train: 0.2723 (phase 0.0656, coeff 0.2057, bg 0.0100) | Val: 0.2000 (phase 0.0333, coeff 0.1658) | LR: 1.87e-05
    Val R2 (projected): odd 0.941 | even 0.949 | worst Noll 9 = 0.875 | head mean 0.363
    per mode: 4:0.99 5:0.98 6:0.99 7:0.99 8:0.99 9:0.88 10:0.88 11:0.99 12:0.89 13:0.88 14:0.93 15:0.93 16:0.95 17:0.94 18:0.94 19:0.93 20:0.96 21:0.96 22:0.95
==> Epoch 061/150 | Train: 0.2703 (phase 0.0628, coeff 0.2065, bg 0.0100) | Val: 0.1917 (phase 0.0292, coeff 0.1616) | LR: 9.37e-06
==> Epoch 062/150 | Train: 0.2679 (phase 0.0614, coeff 0.2056, bg 0.0097) | Val: 0.1942 (phase 0.0307, coeff 0.1625) | LR: 9.37e-06
==> Epoch 063/150 | Train: 0.2694 (phase 0.0633, coeff 0.2051, bg 0.0102) | Val: 0.1905 (phase 0.0284, coeff 0.1611) | LR: 9.37e-06
==> Epoch 064/150 | Train: 0.2734 (phase 0.0645, coeff 0.2079, bg 0.0101) | Val: 0.1915 (phase 0.0296, coeff 0.1610) | LR: 9.37e-06
==> Epoch 065/150 | Train: 0.2682 (phase 0.0620, coeff 0.2052, bg 0.0099) | Val: 0.1895 (phase 0.0276, coeff 0.1610) | LR: 9.37e-06
==> Epoch 066/150 | Train: 0.2673 (phase 0.0616, coeff 0.2046, bg 0.0101) | Val: 0.1907 (phase 0.0295, coeff 0.1602) | LR: 9.37e-06
==> Epoch 067/150 | Train: 0.2651 (phase 0.0602, coeff 0.2040, bg 0.0098) | Val: 0.1903 (phase 0.0281, coeff 0.1613) | LR: 9.37e-06
==> Epoch 068/150 | Train: 0.2665 (phase 0.0610, coeff 0.2045, bg 0.0100) | Val: 0.1900 (phase 0.0282, coeff 0.1608) | LR: 9.37e-06
==> Epoch 069/150 | Train: 0.2636 (phase 0.0610, coeff 0.2016, bg 0.0097) | Val: 0.1890 (phase 0.0273, coeff 0.1608) | LR: 9.37e-06
==> Epoch 070/150 | Train: 0.2631 (phase 0.0594, coeff 0.2028, bg 0.0099) | Val: 0.1888 (phase 0.0273, coeff 0.1605) | LR: 9.37e-06
    Val R2 (projected): odd 0.944 | even 0.956 | worst Noll 9 = 0.877 | head mean 0.365
    per mode: 4:1.00 5:0.99 6:0.99 7:0.99 8:0.99 9:0.88 10:0.88 11:0.99 12:0.90 13:0.90 14:0.94 15:0.93 16:0.95 17:0.94 18:0.94 19:0.94 20:0.96 21:0.97 22:0.96
==> Epoch 071/150 | Train: 0.2642 (phase 0.0600, coeff 0.2032, bg 0.0099) | Val: 0.1923 (phase 0.0293, coeff 0.1621) | LR: 9.37e-06
==> Epoch 072/150 | Train: 0.2645 (phase 0.0593, coeff 0.2042, bg 0.0096) | Val: 0.1874 (phase 0.0271, coeff 0.1594) | LR: 9.37e-06
==> Epoch 073/150 | Train: 0.2612 (phase 0.0591, coeff 0.2012, bg 0.0095) | Val: 0.1899 (phase 0.0281, coeff 0.1608) | LR: 9.37e-06
==> Epoch 074/150 | Train: 0.2659 (phase 0.0600, coeff 0.2049, bg 0.0097) | Val: 0.1891 (phase 0.0288, coeff 0.1593) | LR: 9.37e-06
==> Epoch 075/150 | Train: 0.2638 (phase 0.0602, coeff 0.2027, bg 0.0096) | Val: 0.1957 (phase 0.0306, coeff 0.1641) | LR: 9.37e-06
==> Epoch 076/150 | Train: 0.2615 (phase 0.0587, coeff 0.2018, bg 0.0097) | Val: 0.1885 (phase 0.0271, coeff 0.1605) | LR: 9.37e-06
==> Epoch 077/150 | Train: 0.2634 (phase 0.0592, coeff 0.2032, bg 0.0095) | Val: 0.1874 (phase 0.0270, coeff 0.1595) | LR: 9.37e-06
==> Epoch 078/150 | Train: 0.2628 (phase 0.0581, coeff 0.2037, bg 0.0097) | Val: 0.1885 (phase 0.0268, coeff 0.1607) | LR: 4.69e-06
==> Epoch 079/150 | Train: 0.2590 (phase 0.0570, coeff 0.2010, bg 0.0096) | Val: 0.1870 (phase 0.0261, coeff 0.1599) | LR: 4.69e-06
==> Epoch 080/150 | Train: 0.2596 (phase 0.0569, coeff 0.2017, bg 0.0095) | Val: 0.1891 (phase 0.0272, coeff 0.1610) | LR: 4.69e-06
    Val R2 (projected): odd 0.946 | even 0.956 | worst Noll 10 = 0.883 | head mean 0.364
    per mode: 4:1.00 5:0.98 6:0.99 7:0.99 8:0.99 9:0.88 10:0.88 11:0.99 12:0.90 13:0.89 14:0.94 15:0.94 16:0.96 17:0.95 18:0.94 19:0.94 20:0.96 21:0.97 22:0.97
==> Epoch 081/150 | Train: 0.2626 (phase 0.0582, coeff 0.2034, bg 0.0096) | Val: 0.1854 (phase 0.0253, coeff 0.1591) | LR: 4.69e-06
==> Epoch 082/150 | Train: 0.2590 (phase 0.0566, coeff 0.2014, bg 0.0095) | Val: 0.1862 (phase 0.0256, coeff 0.1598) | LR: 4.69e-06
==> Epoch 083/150 | Train: 0.2592 (phase 0.0564, coeff 0.2018, bg 0.0094) | Val: 0.1851 (phase 0.0255, coeff 0.1587) | LR: 4.69e-06
==> Epoch 084/150 | Train: 0.2581 (phase 0.0562, coeff 0.2009, bg 0.0095) | Val: 0.1853 (phase 0.0258, coeff 0.1586) | LR: 4.69e-06
==> Epoch 085/150 | Train: 0.2614 (phase 0.0569, coeff 0.2036, bg 0.0093) | Val: 0.1869 (phase 0.0264, coeff 0.1596) | LR: 4.69e-06
==> Epoch 086/150 | Train: 0.2582 (phase 0.0566, coeff 0.2007, bg 0.0094) | Val: 0.1866 (phase 0.0262, coeff 0.1595) | LR: 4.69e-06
==> Epoch 087/150 | Train: 0.2587 (phase 0.0562, coeff 0.2016, bg 0.0094) | Val: 0.1852 (phase 0.0248, coeff 0.1594) | LR: 4.69e-06
==> Epoch 088/150 | Train: 0.2611 (phase 0.0565, coeff 0.2036, bg 0.0098) | Val: 0.1846 (phase 0.0253, coeff 0.1583) | LR: 4.69e-06
==> Epoch 089/150 | Train: 0.2558 (phase 0.0563, coeff 0.1985, bg 0.0094) | Val: 0.1856 (phase 0.0257, coeff 0.1590) | LR: 4.69e-06
==> Epoch 090/150 | Train: 0.2610 (phase 0.0568, coeff 0.2032, bg 0.0093) | Val: 0.1867 (phase 0.0260, coeff 0.1598) | LR: 4.69e-06
    Val R2 (projected): odd 0.949 | even 0.959 | worst Noll 10 = 0.888 | head mean 0.365
    per mode: 4:0.99 5:0.99 6:0.99 7:0.99 8:0.99 9:0.89 10:0.89 11:0.99 12:0.91 13:0.90 14:0.94 15:0.94 16:0.96 17:0.95 18:0.95 19:0.94 20:0.97 21:0.97 22:0.97
==> Epoch 091/150 | Train: 0.2603 (phase 0.0570, coeff 0.2023, bg 0.0094) | Val: 0.1846 (phase 0.0248, coeff 0.1589) | LR: 4.69e-06
==> Epoch 092/150 | Train: 0.2537 (phase 0.0547, coeff 0.1981, bg 0.0094) | Val: 0.1845 (phase 0.0246, coeff 0.1589) | LR: 4.69e-06
==> Epoch 093/150 | Train: 0.2593 (phase 0.0561, coeff 0.2023, bg 0.0097) | Val: 0.1901 (phase 0.0271, coeff 0.1620) | LR: 4.69e-06
==> Epoch 094/150 | Train: 0.2559 (phase 0.0554, coeff 0.1996, bg 0.0093) | Val: 0.1853 (phase 0.0250, coeff 0.1594) | LR: 4.69e-06
==> Epoch 095/150 | Train: 0.2540 (phase 0.0548, coeff 0.1983, bg 0.0090) | Val: 0.1853 (phase 0.0248, coeff 0.1597) | LR: 4.69e-06
==> Epoch 096/150 | Train: 0.2540 (phase 0.0546, coeff 0.1985, bg 0.0092) | Val: 0.1840 (phase 0.0248, coeff 0.1583) | LR: 4.69e-06
==> Epoch 097/150 | Train: 0.2545 (phase 0.0547, coeff 0.1990, bg 0.0091) | Val: 0.1841 (phase 0.0246, coeff 0.1586) | LR: 4.69e-06
==> Epoch 098/150 | Train: 0.2576 (phase 0.0555, coeff 0.2013, bg 0.0094) | Val: 0.1848 (phase 0.0247, coeff 0.1592) | LR: 4.69e-06
==> Epoch 099/150 | Train: 0.2601 (phase 0.0556, coeff 0.2036, bg 0.0094) | Val: 0.1840 (phase 0.0254, coeff 0.1578) | LR: 4.69e-06
==> Epoch 100/150 | Train: 0.2541 (phase 0.0541, coeff 0.1990, bg 0.0094) | Val: 0.1834 (phase 0.0246, coeff 0.1579) | LR: 4.69e-06
    Val R2 (projected): odd 0.948 | even 0.960 | worst Noll 10 = 0.889 | head mean 0.366
    per mode: 4:1.00 5:0.99 6:0.99 7:0.99 8:0.99 9:0.89 10:0.89 11:0.99 12:0.91 13:0.91 14:0.94 15:0.94 16:0.96 17:0.95 18:0.95 19:0.94 20:0.97 21:0.97 22:0.97
==> Epoch 101/150 | Train: 0.2601 (phase 0.0561, coeff 0.2031, bg 0.0093) | Val: 0.1862 (phase 0.0254, coeff 0.1599) | LR: 4.69e-06
==> Epoch 102/150 | Train: 0.2530 (phase 0.0544, coeff 0.1977, bg 0.0090) | Val: 0.1845 (phase 0.0248, coeff 0.1589) | LR: 4.69e-06
==> Epoch 103/150 | Train: 0.2527 (phase 0.0546, coeff 0.1972, bg 0.0089) | Val: 0.1847 (phase 0.0252, coeff 0.1586) | LR: 4.69e-06
==> Epoch 104/150 | Train: 0.2543 (phase 0.0545, coeff 0.1989, bg 0.0090) | Val: 0.1846 (phase 0.0246, coeff 0.1591) | LR: 4.69e-06
==> Epoch 105/150 | Train: 0.2541 (phase 0.0552, coeff 0.1980, bg 0.0090) | Val: 0.1841 (phase 0.0244, coeff 0.1588) | LR: 4.69e-06
==> Epoch 106/150 | Train: 0.2585 (phase 0.0550, coeff 0.2025, bg 0.0092) | Val: 0.1841 (phase 0.0241, coeff 0.1592) | LR: 2.34e-06
==> Epoch 107/150 | Train: 0.2535 (phase 0.0538, coeff 0.1989, bg 0.0091) | Val: 0.1819 (phase 0.0237, coeff 0.1574) | LR: 2.34e-06
==> Epoch 108/150 | Train: 0.2544 (phase 0.0541, coeff 0.1994, bg 0.0092) | Val: 0.1836 (phase 0.0238, coeff 0.1589) | LR: 2.34e-06
==> Epoch 109/150 | Train: 0.2520 (phase 0.0538, coeff 0.1973, bg 0.0090) | Val: 0.1823 (phase 0.0238, coeff 0.1576) | LR: 2.34e-06
==> Epoch 110/150 | Train: 0.2514 (phase 0.0538, coeff 0.1967, bg 0.0091) | Val: 0.1817 (phase 0.0233, coeff 0.1575) | LR: 2.34e-06
    Val R2 (projected): odd 0.950 | even 0.961 | worst Noll 9 = 0.892 | head mean 0.366
    per mode: 4:1.00 5:0.99 6:0.99 7:0.99 8:0.99 9:0.89 10:0.89 11:1.00 12:0.91 13:0.91 14:0.94 15:0.94 16:0.96 17:0.95 18:0.95 19:0.94 20:0.97 21:0.97 22:0.97
==> Epoch 111/150 | Train: 0.2558 (phase 0.0548, coeff 0.2000, bg 0.0089) | Val: 0.1831 (phase 0.0237, coeff 0.1585) | LR: 2.34e-06
==> Epoch 112/150 | Train: 0.2533 (phase 0.0537, coeff 0.1987, bg 0.0092) | Val: 0.1835 (phase 0.0239, coeff 0.1588) | LR: 2.34e-06
==> Epoch 113/150 | Train: 0.2533 (phase 0.0534, coeff 0.1991, bg 0.0090) | Val: 0.1832 (phase 0.0237, coeff 0.1586) | LR: 2.34e-06
==> Epoch 114/150 | Train: 0.2558 (phase 0.0552, coeff 0.1998, bg 0.0090) | Val: 0.1835 (phase 0.0240, coeff 0.1586) | LR: 2.34e-06
==> Epoch 115/150 | Train: 0.2569 (phase 0.0547, coeff 0.2014, bg 0.0091) | Val: 0.1837 (phase 0.0237, coeff 0.1591) | LR: 2.34e-06
==> Epoch 116/150 | Train: 0.2507 (phase 0.0534, coeff 0.1965, bg 0.0089) | Val: 0.1832 (phase 0.0233, coeff 0.1591) | LR: 1.17e-06
==> Epoch 117/150 | Train: 0.2536 (phase 0.0532, coeff 0.1996, bg 0.0089) | Val: 0.1819 (phase 0.0234, coeff 0.1577) | LR: 1.17e-06
==> Epoch 118/150 | Train: 0.2539 (phase 0.0535, coeff 0.1995, bg 0.0090) | Val: 0.1823 (phase 0.0232, coeff 0.1582) | LR: 1.17e-06
==> Epoch 119/150 | Train: 0.2535 (phase 0.0531, coeff 0.1995, bg 0.0090) | Val: 0.1813 (phase 0.0232, coeff 0.1572) | LR: 1.17e-06
==> Epoch 120/150 | Train: 0.2579 (phase 0.0546, coeff 0.2024, bg 0.0092) | Val: 0.1830 (phase 0.0234, coeff 0.1587) | LR: 1.17e-06
    Val R2 (projected): odd 0.950 | even 0.961 | worst Noll 9 = 0.890 | head mean 0.366
    per mode: 4:1.00 5:0.99 6:0.99 7:0.99 8:0.99 9:0.89 10:0.89 11:1.00 12:0.91 13:0.91 14:0.94 15:0.94 16:0.96 17:0.95 18:0.95 19:0.94 20:0.97 21:0.97 22:0.97
==> Epoch 121/150 | Train: 0.2571 (phase 0.0544, coeff 0.2018, bg 0.0092) | Val: 0.1820 (phase 0.0234, coeff 0.1577) | LR: 1.17e-06
==> Epoch 122/150 | Train: 0.2551 (phase 0.0538, coeff 0.2004, bg 0.0090) | Val: 0.1837 (phase 0.0234, coeff 0.1594) | LR: 1.17e-06
==> Epoch 123/150 | Train: 0.2554 (phase 0.0534, coeff 0.2011, bg 0.0092) | Val: 0.1828 (phase 0.0232, coeff 0.1587) | LR: 1.17e-06
==> Epoch 124/150 | Train: 0.2528 (phase 0.0532, coeff 0.1987, bg 0.0089) | Val: 0.1819 (phase 0.0234, coeff 0.1577) | LR: 1.17e-06
==> Epoch 125/150 | Train: 0.2547 (phase 0.0539, coeff 0.1999, bg 0.0090) | Val: 0.1815 (phase 0.0231, coeff 0.1575) | LR: 5.86e-07
==> Epoch 126/150 | Train: 0.2518 (phase 0.0524, coeff 0.1984, bg 0.0088) | Val: 0.1820 (phase 0.0234, coeff 0.1578) | LR: 5.86e-07
==> Epoch 127/150 | Train: 0.2501 (phase 0.0524, coeff 0.1968, bg 0.0089) | Val: 0.1828 (phase 0.0233, coeff 0.1586) | LR: 5.86e-07
==> Epoch 128/150 | Train: 0.2503 (phase 0.0531, coeff 0.1963, bg 0.0091) | Val: 0.1820 (phase 0.0230, coeff 0.1581) | LR: 5.86e-07
==> Epoch 129/150 | Train: 0.2513 (phase 0.0530, coeff 0.1974, bg 0.0088) | Val: 0.1815 (phase 0.0232, coeff 0.1574) | LR: 5.86e-07
==> Epoch 130/150 | Train: 0.2493 (phase 0.0527, coeff 0.1957, bg 0.0089) | Val: 0.1811 (phase 0.0231, coeff 0.1571) | LR: 2.93e-07
    Val R2 (projected): odd 0.951 | even 0.961 | worst Noll 10 = 0.893 | head mean 0.366
    per mode: 4:1.00 5:0.99 6:0.99 7:0.99 8:0.99 9:0.89 10:0.89 11:0.99 12:0.91 13:0.91 14:0.94 15:0.94 16:0.96 17:0.95 18:0.95 19:0.94 20:0.97 21:0.97 22:0.97
==> Epoch 131/150 | Train: 0.2531 (phase 0.0534, coeff 0.1988, bg 0.0090) | Val: 0.1817 (phase 0.0230, coeff 0.1579) | LR: 2.93e-07
==> Epoch 132/150 | Train: 0.2532 (phase 0.0534, coeff 0.1989, bg 0.0090) | Val: 0.1813 (phase 0.0231, coeff 0.1573) | LR: 2.93e-07
==> Epoch 133/150 | Train: 0.2552 (phase 0.0535, coeff 0.2007, bg 0.0091) | Val: 0.1818 (phase 0.0232, coeff 0.1577) | LR: 2.93e-07
==> Epoch 134/150 | Train: 0.2468 (phase 0.0514, coeff 0.1945, bg 0.0088) | Val: 0.1815 (phase 0.0230, coeff 0.1576) | LR: 2.93e-07
==> Epoch 135/150 | Train: 0.2516 (phase 0.0529, coeff 0.1978, bg 0.0089) | Val: 0.1812 (phase 0.0234, coeff 0.1569) | LR: 2.93e-07
==> Epoch 136/150 | Train: 0.2526 (phase 0.0525, coeff 0.1992, bg 0.0090) | Val: 0.1816 (phase 0.0230, coeff 0.1577) | LR: 1.46e-07
==> Epoch 137/150 | Train: 0.2513 (phase 0.0527, coeff 0.1977, bg 0.0089) | Val: 0.1815 (phase 0.0229, coeff 0.1578) | LR: 1.46e-07
==> Epoch 138/150 | Train: 0.2474 (phase 0.0524, coeff 0.1941, bg 0.0089) | Val: 0.1826 (phase 0.0231, coeff 0.1586) | LR: 1.46e-07
==> Epoch 139/150 | Train: 0.2490 (phase 0.0521, coeff 0.1961, bg 0.0088) | Val: 0.1822 (phase 0.0233, coeff 0.1580) | LR: 1.46e-07
==> Epoch 140/150 | Train: 0.2512 (phase 0.0522, coeff 0.1981, bg 0.0090) | Val: 0.1811 (phase 0.0233, coeff 0.1570) | LR: 1.46e-07
    Val R2 (projected): odd 0.951 | even 0.961 | worst Noll 10 = 0.893 | head mean 0.366
    per mode: 4:1.00 5:0.99 6:0.99 7:0.99 8:0.99 9:0.89 10:0.89 11:0.99 12:0.91 13:0.91 14:0.94 15:0.94 16:0.96 17:0.95 18:0.95 19:0.94 20:0.97 21:0.97 22:0.97
==> Epoch 141/150 | Train: 0.2521 (phase 0.0526, coeff 0.1986, bg 0.0089) | Val: 0.1817 (phase 0.0232, coeff 0.1576) | LR: 7.32e-08
==> Epoch 142/150 | Train: 0.2543 (phase 0.0540, coeff 0.1994, bg 0.0090) | Val: 0.1831 (phase 0.0231, coeff 0.1591) | LR: 7.32e-08
==> Epoch 143/150 | Train: 0.2542 (phase 0.0531, coeff 0.2002, bg 0.0090) | Val: 0.1820 (phase 0.0232, coeff 0.1580) | LR: 7.32e-08
==> Epoch 144/150 | Train: 0.2548 (phase 0.0532, coeff 0.2007, bg 0.0091) | Val: 0.1820 (phase 0.0230, coeff 0.1582) | LR: 7.32e-08
==> Epoch 145/150 | Train: 0.2508 (phase 0.0524, coeff 0.1975, bg 0.0090) | Val: 0.1811 (phase 0.0230, coeff 0.1573) | LR: 7.32e-08
==> Epoch 146/150 | Train: 0.2531 (phase 0.0531, coeff 0.1991, bg 0.0088) | Val: 0.1822 (phase 0.0231, coeff 0.1583) | LR: 3.66e-08
==> Epoch 147/150 | Train: 0.2514 (phase 0.0531, coeff 0.1974, bg 0.0089) | Val: 0.1812 (phase 0.0229, coeff 0.1574) | LR: 3.66e-08
==> Epoch 148/150 | Train: 0.2523 (phase 0.0531, coeff 0.1982, bg 0.0090) | Val: 0.1813 (phase 0.0231, coeff 0.1573) | LR: 3.66e-08
==> Epoch 149/150 | Train: 0.2510 (phase 0.0527, coeff 0.1974, bg 0.0090) | Val: 0.1814 (phase 0.0231, coeff 0.1575) | LR: 3.66e-08
==> Epoch 150/150 | Train: 0.2553 (phase 0.0537, coeff 0.2007, bg 0.0089) | Val: 0.1818 (phase 0.0230, coeff 0.1579) | LR: 3.66e-08
    Val R2 (projected): odd 0.951 | even 0.962 | worst Noll 10 = 0.893 | head mean 0.366
    per mode: 4:1.00 5:0.99 6:0.99 7:0.99 8:0.99 9:0.89 10:0.89 11:1.00 12:0.91 13:0.91 14:0.94 15:0.94 16:0.96 17:0.95 18:0.95 19:0.94 20:0.97 21:0.97 22:0.97

Pure FP32 training complete. Best validation loss: 0.181118 -> saved_models/k3_pm1/best.pth
